apiVersion: v1
kind: Namespace
metadata:
  annotations:
    argocd.argoproj.io/sync-wave: '-100'
    openshift.io/node-selector: ''
  labels:
    name: syn-splunk-operator
    openshift.io/cluster-monitoring: 'true'
  name: syn-splunk-operator
