apiVersion: v1
kind: Namespace
metadata:
  annotations:
    argocd.argoproj.io/sync-wave: '-50'
    syn.tools/source: https://github.com/projectsyn/component-splunk-operator.git
  labels:
    app.kubernetes.io/component: splunk
    app.kubernetes.io/instance: heavyforwarder
    app.kubernetes.io/managed-by: commodore
    app.kubernetes.io/part-of: syn
  name: test1
---
apiVersion: enterprise.splunk.com/v4
kind: Standalone
metadata:
  annotations:
    syn.tools/source: https://github.com/projectsyn/component-splunk-operator.git
  labels:
    app.kubernetes.io/component: splunk
    app.kubernetes.io/instance: heavyforwarder
    app.kubernetes.io/managed-by: commodore
    app.kubernetes.io/part-of: syn
  name: heavyforwarder
  namespace: test1
spec:
  serviceAccount: splunk-forwarder
---
apiVersion: networking.k8s.io/v1
kind: Ingress
metadata:
  annotations:
    syn.tools/source: https://github.com/projectsyn/component-splunk-operator.git
  labels:
    app.kubernetes.io/component: splunk
    app.kubernetes.io/instance: heavyforwarder
    app.kubernetes.io/managed-by: commodore
    app.kubernetes.io/part-of: syn
  name: splunk-heavyforwarder
  namespace: test1
spec:
  rules:
    - host: my-splunk.example.com
      http:
        paths:
          - backend:
              service:
                name: splunk-heavyforwarder-standalone-service
                port:
                  name: tcp-s2s
            path: /
            pathType: Prefix
---
apiVersion: v1
kind: ServiceAccount
metadata:
  annotations:
    syn.tools/source: https://github.com/projectsyn/component-splunk-operator.git
  labels:
    app.kubernetes.io/component: splunk
    app.kubernetes.io/instance: heavyforwarder
    app.kubernetes.io/managed-by: commodore
    app.kubernetes.io/part-of: syn
  name: splunk-forwarder
  namespace: test1
---
apiVersion: rbac.authorization.k8s.io/v1
kind: RoleBinding
metadata:
  annotations:
    syn.tools/source: https://github.com/projectsyn/component-splunk-operator.git
  labels:
    app.kubernetes.io/component: splunk
    app.kubernetes.io/instance: heavyforwarder
    app.kubernetes.io/managed-by: commodore
    app.kubernetes.io/part-of: syn
  name: splunk-standalone-heavyforwarder-nonroot-v2
  namespace: test1
roleRef:
  apiGroup: rbac.authorization.k8s.io
  kind: ClusterRole
  name: system:openshift:scc:nonroot-v2
subjects:
  - kind: ServiceAccount
    name: splunk-forwarder
    namespace: test1
