apiVersion: operators.coreos.com/v1
kind: OperatorGroup
metadata:
  annotations:
    argocd.argoproj.io/sync-wave: '-90'
  labels:
    name: splunk-operator
  name: splunk-operator
  namespace: syn-splunk-operator
