apiVersion: operators.coreos.com/v1alpha1
kind: Subscription
metadata:
  annotations:
    argocd.argoproj.io/sync-wave: '-80'
  labels:
    name: splunk-operator
  name: splunk-operator
  namespace: syn-splunk-operator
spec:
  channel: stable
  config:
    env:
      - name: SPLUNK_GENERAL_TERMS
        value: --accept-sgt-current-at-splunk-com
    resources:
      limits:
        memory: 512Mi
      requests:
        cpu: 10m
        memory: 64Mi
  installPlanApproval: Automatic
  name: splunk-operator
  source: certified-operators
  sourceNamespace: openshift-operators-redhat
